-- -testdata-book-exec.yml --
desc: Captured of exec.yml run
steps:
- exec:
    command: echo hello world!!
    shell: sh
  test: |
    current.stdout == "hello world!!\n"
    && current.stderr == ""
- exec:
    command: cat
    shell: sh
    stdin: |
      hello world!!
  test: |
    current.stdout == "hello world!!\n"
    && current.stderr == ""
- exec:
    command: basename `echo $0`
    shell: bash
  test: |
    current.stdout == "bash\n"
    && current.stderr == ""
- exec:
    command: |-
      for i in {1..5}
      do
        echo -e "$i second\telapsed\07$i"
        sleep 1
      done
    shell: bash
  test: |
    current.stdout == "1 second\telapsed9\n2 second\telapsed:\n3 second\telapsed;\n4 second\telapsed<\n5 second\telapsed=\n"
    && current.stderr == ""
- exec:
    command: sleep 1000
    shell: sh
    background: true
