-- -testdata-book-grpc.yml --
desc: Captured of grpc.yml run
runners:
  greq:
    addr: ${TEST_GRPC_ADDR-:grpc.example.com:443}
    bufDirs:
    - ../
    skipVerify: true
    tls: true
steps:
- greq:
    grpctest.GrpcTestService/Hello:
      headers:
        authentication: tokenhello
        multivalues:
        - a
        - b
      message:
        name: alice
        num: 3
        request_time: "2022-06-25T05:24:43.861872Z"
  test: |
    current.res.headers["content-type"][0] == "application/grpc"
    && current.res.headers["hello"][0] == "header"
    && current.res.trailers["hello"][0] == "trailer"
    && compare(current.res.message, {"create_time":"2022-06-25T05:24:43.861872Z","message":"hello","num":32})
    && current.res.status == 0
- greq:
    grpctest.GrpcTestService/HelloFields:
      message:
        field_bytes: aGVsbG8=
  test: |
    current.res.headers["content-type"][0] == "application/grpc"
    && compare(current.res.message, {"field_bytes":"aGVsbG8="})
    && current.res.status == 0
- greq:
    grpctest.GrpcTestService/Hello:
      headers:
        error: error
      message:
        name: alice
        num: 3
        request_time: "2022-06-25T05:24:43.861872Z"
  test: |
    current.res.trailers["content-type"][0] == "application/grpc"
    && current.res.status == 1
- greq:
    grpctest.GrpcTestService/ListHello:
      headers:
        authentication: tokenlisthello
      message:
        name: bob
        num: 4
        request_time: "2022-06-25T05:24:43.861872Z"
  test: |
    compare(current.res.messages[0], {"create_time":"2022-06-25T05:24:43.861872Z","message":"hello","num":33})
    && compare(current.res.messages[1], {"create_time":"2022-06-25T05:24:44.382783Z","message":"hello","num":34})
    && current.res.headers["content-type"][0] == "application/grpc"
    && current.res.headers["listhello"][0] == "header"
    && current.res.trailers["listhello"][0] == "trailer"
    && current.res.status == 0
- greq:
    grpctest.GrpcTestService/MultiHello:
      headers:
        authentication: tokenmultihello
      messages:
      - name: alice
        num: 5
        request_time: "2022-06-25T05:24:43.861872Z"
      - name: bob
        num: 6
        request_time: "2022-06-25T05:24:43.861872Z"
  test: |
    compare(current.res.message, {"create_time":"2022-06-25T05:24:45.382783Z","message":"hello","num":35})
    && current.res.headers["content-type"][0] == "application/grpc"
    && current.res.headers["multihello"][0] == "header"
    && current.res.trailers["multihello"][0] == "trailer"
    && current.res.status == 0
- greq:
    grpctest.GrpcTestService/HelloChat:
      headers:
        authentication: tokenhellochat
      messages:
      - name: alice
        num: 7
        request_time: "2022-06-25T05:24:43.861872Z"
      - receive
      - name: bob
        num: 8
        request_time: "2022-06-25T05:24:43.861872Z"
      - name: charlie
        num: 9
        request_time: "2022-06-25T05:24:43.861872Z"
      - close
  test: |
    current.res.headers["content-type"][0] == "application/grpc"
    && current.res.headers["hellochat"][0] == "header"
    && compare(current.res.messages[0], {"create_time":"2022-06-25T05:24:46.382783Z","message":"hello","num":34})
    && current.res.trailers["hellochat"][0] == "trailer"
    && current.res.trailers["hellochat-second"][0] == "trailer"
    && current.res.trailers["hellochat-second"][1] == "trailer"
    && current.res.status == 0
