-- -testdata-book-http.yml --
desc: Captured of http.yml run
labels:
- http
- openapi3
runners:
  req:
    endpoint: ${TEST_HTTP_ENDPOINT:-https:example.com}
    openapi3: file://../openapi3.yml
steps:
- req:
    /users:
      get:
        body: null
  test: |
    current.res.status == 200
    && current.res.headers["Content-Length"][0] == "42"
    && current.res.headers["Content-Type"][0] == "application/json"
    && "Date" in current.res.headers
    && compare(current.res.body, [{"username":"alice"},{"username":"bob"}])
- req:
    /users:
      post:
        body:
          application/json:
            password: passw0rd
            username: alice
  test: |
    current.res.status == 201
    && current.res.headers["Content-Length"][0] == "0"
    && "Date" in current.res.headers
    && current.res.rawBody == ""
- req:
    /help:
      post:
        body:
          application/x-www-form-urlencoded:
            content: help me
            name: bob
  test: |
    current.res.status == 201
    && current.res.headers["Content-Length"][0] == "0"
    && "Date" in current.res.headers
    && current.res.rawBody == ""
- req:
    /notfound:
      get:
        body:
          application/json: nil
  test: |
    current.res.status == 404
    && current.res.headers["Content-Length"][0] == "18"
    && current.res.headers["Content-Type"][0] == "text/html; charset=utf-8"
    && "Date" in current.res.headers
    && current.res.rawBody == "<h1>Not Found</h1>"
- req:
    /users/1:
      get:
        body:
          application/json: null
  test: |
    current.res.status == 200
    && current.res.headers["Content-Length"][0] == "29"
    && current.res.headers["Content-Type"][0] == "application/json"
    && "Date" in current.res.headers
    && compare(current.res.body, {"data":{"username":"alice"}})
- req:
    /private?token=xxxxx:
      get:
        body:
          application/json: null
  test: |
    current.res.status == 403
    && current.res.headers["Content-Length"][0] == "21"
    && current.res.headers["Content-Type"][0] == "application/json"
    && "Date" in current.res.headers
    && compare(current.res.body, {"error":"Forbidden"})
- req:
    /private:
      get:
        headers:
          Authorization: Bearer xxxxx
          Multivalues: a
        body:
          application/json: null
  test: |
    current.res.status == 200
    && current.res.headers["Content-Length"][0] == "0"
    && "Date" in current.res.headers
    && current.res.rawBody == ""
- req:
    /redirect:
      get:
        body:
          application/json: null
  test: |
    current.res.status == 404
    && current.res.headers["Content-Length"][0] == "18"
    && current.res.headers["Content-Type"][0] == "text/html; charset=utf-8"
    && "Date" in current.res.headers
    && current.res.rawBody == "<h1>Not Found</h1>"
- req:
    /upload:
      post:
        body:
          multipart/form-data:
            upload0: dummy.png
  test: |
    current.res.status == 201
    && current.res.headers["Content-Length"][0] == "15"
    && current.res.headers["Content-Type"][0] == "text/html; charset=utf-8"
    && "Date" in current.res.headers
    && current.res.rawBody == "<h1>Posted</h1>"
- req:
    /upload:
      post:
        body:
          application/octet-stream: /9j/4AAQSkZJRgABAQEAYABgAAD//gA+Q1JFQVRPUjogZ2QtanBlZyB2MS4wICh1c2luZyBJSkcgSlBFRyB2ODApLCBkZWZhdWx0IHF1YWxpdHkK/9sAQwAIBgYHBgUIBwcHCQkICgwUDQwLCwwZEhMPFB0aHx4dGhwcICQuJyAiLCMcHCg3KSwwMTQ0NB8nOT04MjwuMzQy/9sAQwEJCQkMCwwYDQ0YMiEcITIyMjIyMjIyMjIyMjIyMjIyMjIyMjIyMjIyMjIyMjIyMjIyMjIyMjIyMjIyMjIyMjIy/8AAEQgAKAA8AwEiAAIRAQMRAf/EAB8AAAEFAQEBAQEBAAAAAAAAAAABAgMEBQYHCAkKC//EALUQAAIBAwMCBAMFBQQEAAABfQECAwAEEQUSITFBBhNRYQcicRQygZGhCCNCscEVUtHwJDNicoIJChYXGBkaJSYnKCkqNDU2Nzg5OkNERUZHSElKU1RVVldYWVpjZGVmZ2hpanN0dXZ3eHl6g4SFhoeIiYqSk5SVlpeYmZqio6Slpqeoqaqys7S1tre4ubrCw8TFxsfIycrS09TV1tfY2drh4uPk5ebn6Onq8fLz9PX29/j5+v/EAB8BAAMBAQEBAQEBAQEAAAAAAAABAgMEBQYHCAkKC//EALURAAIBAgQEAwQHBQQEAAECdwABAgMRBAUhMQYSQVEHYXETIjKBCBRCkaGxwQkjM1LwFWJy0QoWJDThJfEXGBkaJicoKSo1Njc4OTpDREVGR0hJSlNUVVZXWFlaY2RlZmdoaWpzdHV2d3h5eoKDhIWGh4iJipKTlJWWl5iZmqKjpKWmp6ipqrKztLW2t7i5usLDxMXGx8jJytLT1NXW19jZ2uLj5OXm5+jp6vLz9PX29/j5+v/aAAwDAQACEQMRAD8A+f6KKKACiiigAooooAKKKKACiiigDp5UtWgf7ELASJKiQGeSAh4cHLEEDB/1ed2W5bGMNWWkOmyG8YyFArsbVS2PMHOA3HHY579O+5cyigDes005dOQedaST+YrASAht5R8AkgDYGCZ5x1J4PGbqQUTRf6nzvLHneTt2bsnGNvy/d25x3zVOigAooooAKKKKACiiigAooooAKKKKAP/Z
  test: |
    current.res.status == 201
    && current.res.headers["Content-Length"][0] == "15"
    && current.res.headers["Content-Type"][0] == "text/html; charset=utf-8"
    && "Date" in current.res.headers
    && current.res.rawBody == "<h1>Posted</h1>"
- req:
    /ping:
      get:
        body:
          application/json: null
  test: |
    current.res.status == 200
    && current.res.headers["Content-Length"][0] == "88"
    && current.res.headers["Content-Type"][0] == "application/json"
    && "Date" in current.res.headers
    && compare(current.res.body, {"single_escaped":"http://localhost:8080/ping","url":"http://localhost:8080/ping"})
