-- -testdata-book-include_main.yml --
desc: Captured of include_main.yml run
steps:
- exec:
    command: echo 'hello a'
    shell: bash -e -c {0}
  test: |
    current.stdout == "hello a\n"
    && current.stderr == ""
